
--- Testing General Knowledge ---
Q: Tell me a short joke about programming.
Exception: 'charmap' codec can't encode characters in position 76-77: character maps to <undefined>

--- Testing Financial Advice ---
Q: Give me one tip to save money on food.
Exception: 'charmap' codec can't encode character '\U0001f33f' in position 849: character maps to <undefined>

--- Testing Date/Time ---
Q: What comes after today's day of the week?
Exception: 'charmap' codec can't encode character '\U0001f604' in position 257: character maps to <undefined>

--- Testing Budget Context ---
Q: Can I afford a 2000 rupee purchase?
Exception: 'charmap' codec can't encode character '\u20b9' in position 146: character maps to <undefined>
